--------------------------------------------------
### CLI Output
--------------------------------------------------
  Configuration files of type .confixrc located at <</tmp>>/home/.confixrc
  Configuration files of type .confix.solution located at <</tmp>>/content/.confix.project
  Configuration files of type .confix.component located at <</tmp>>/content/Confix/Components/test/.confix.component
  Merged .confix.component from .confix.solution
✓ Running in scope Component
✓ Configuration loaded
  Component input 'dotnet' loaded
✓ Component inputs loaded
  Building component...
  Found .NET project:'<</tmp>>/content/test.csproj' <</tmp>>/content/test.csproj
  Ensuring embedded is in the csproj file '<</tmp>>/content/test.csproj'
  Added EmbeddedResource '$(MSBuildProjectDirectory)/Confix/Components/**/*.*' to the csproj file
  Building component completed

--------------------------------------------------
### File: <<root>>/content/test.csproj
--------------------------------------------------
<?xml version="1.0" encoding="utf-8"?>
<Project>
  <ItemGroup>
    <EmbeddedResource Include="$(MSBuildProjectDirectory)/Confix/Components/**/*.*" />
  </ItemGroup>
</Project>
