{
  "Name": "dev",
  "ExcludeFiles": null,
  "IncludeFiles": null,
  "Enabled": null
}
