{
  "Message": "Expected array but got value",
  "Path": "$"
}
