{
  "Message": "Expected String but got 1",
  "Path": "$"
}
