{
  "Type": "dotnet-appsettings",
  "Value": {
    "type": "dotnet-appsettings",
    "additional": "property"
  }
}
