{
  "Message": "Expected property 'type' in object",
  "Path": "$"
}
