{
  "Name": "TestProject",
  "Environments": null,
  "Components": [
    {
      "Provider": "dotnet-package",
      "ComponentName": "BlobStorage",
      "Version": "1.0.0",
      "IsEnabled": true,
      "MountingPoints": null
    }
  ],
  "Repositories": null,
  "VariableProviders": null,
  "ComponentProviders": null,
  "ConfigurationFiles": null,
  "Subprojects": null,
  "SourceFiles": []
}
