{
  "Type": "graphql",
  "Value": {
    "type": "graphql",
    "additional": "property"
  }
}
