{
  "Type": "graphql",
  "Value": {
    "type": "graphql"
  }
}
