{
  "Type": null,
  "EnvironmentOverrides": null,
  "Values": {}
}
