{
  "Provider": {
    "Type": "test",
    "EnvironmentOverrides": {},
    "Value": {}
  }
}
