{
  "Type": "test",
  "EnvironmentOverrides": null,
  "Values": {
    "type": "test"
  }
}
