{
  "Type": "test",
  "EnvironmentOverrides": {
    "test": {
      "type": "test"
    }
  },
  "Values": {
    "type": "test",
    "environmentOverride": {
      "test": {
        "type": "test"
      }
    }
  }
}
