{
  "IsRoot": true,
  "Component": {
    "Name": "TestComponent",
    "Inputs": null,
    "Outputs": null,
    "SourceFiles": []
  },
  "Project": {
    "Name": "Confix",
    "Environments": null,
    "Components": null,
    "Repositories": null,
    "VariableProviders": null,
    "ComponentProviders": null,
    "ConfigurationFiles": null,
    "Subprojects": null,
    "SourceFiles": [],
    "ProjectType": null
  },
  "Encryption": {
    "Provider": {
      "Type": "TestProvider",
      "EnvironmentOverrides": null,
      "Values": {
        "type": "TestProvider"
      }
    }
  },
  "SourceFiles": []
}
