{
  "Message": "Expected Boolean but got \"true\"",
  "Path": "$"
}
