{
  "IsRoot": false,
  "Component": null,
  "Project": null,
  "Encryption": null,
  "SourceFiles": []
}
