{
  "IsRoot": true,
  "Component": {
    "Name": "TestComponent",
    "Inputs": null,
    "Outputs": null,
    "SourceFiles": []
  },
  "Project": {
    "Name": "ConfiX",
    "Environments": null,
    "Components": null,
    "Repositories": null,
    "VariableProviders": null,
    "ComponentProviders": null,
    "ConfigurationFiles": null,
    "Subprojects": null,
    "SourceFiles": []
  },
  "Encryption": null,
  "SourceFiles": []
}
