{
  "Component": null,
  "Project": null,
  "SourceFiles": []
}
