{
  "Message": "Expected object but got array",
  "Path": "$"
}
