{
  "Name": "appsettings",
  "Type": "dotnet-appsettings",
  "EnvironmentOverrides": {},
  "Value": {
    "name": "appsettings",
    "type": "dotnet-appsettings",
    "environmentOverride": {}
  }
}
