{
  "Name": null,
  "Type": null,
  "EnvironmentOverrides": {},
  "Value": {}
}
