{
  "Name": "appsettings",
  "Type": "dotnet-appsettings",
  "EnvironmentOverrides": null,
  "Values": {
    "name": "appsettings",
    "type": "dotnet-appsettings"
  }
}
