{
  "Message": "Expected property 'name' in object",
  "Path": "$"
}
