{"foo":{"bar":"baz","test":"someReplacedValue"},"bar":["someReplacedValue"],"number":42}
