{
  "Algorithm": null,
  "Padding": null,
  "PublicKey": null,
  "PublicKeyPath": null,
  "PrivateKey": null,
  "PrivateKeyPath": null,
  "Password": null
}
