{
  "Algorithm": "RSA",
  "Padding": "OaepSHA256",
  "PublicKey": "SomePublicKey",
  "PublicKeyPath": null,
  "PrivateKey": "SomePrivateKey",
  "PrivateKeyPath": null,
  "Password": null
}
