{
  "foo": {
    "notAVariable": "notAVariable",
    "string_nested": "Replaced Value of variable.string"
  }
}
