{
  "Foo": {},
  "Bar": {
    "deep": {
      "required": null
    }
  },
  "Baz": {
    "deep": {}
  }
}
