{
  "Foo": {
    "required": "bar"
  },
  "Bar": {
    "nonRequired": "bar"
  }
}
