{
  "Foo": {
    "foo": null
  },
  "Bar": {
    "bar": null
  }
}
